// Jest Snapshot v1, https://goo.gl/fbAQLP

exports[`Section View render text 1`] = `
<div>
  <span>
    W
  </span>
  <span>
    h
  </span>
  <span>
    e
  </span>
  <span>
    n
  </span>
  <span>
     
  </span>
  <span>
    M
  </span>
  <span>
    r
  </span>
  <span>
    .
  </span>
  <span>
     
  </span>
  <span>
    B
  </span>
  <span>
    i
  </span>
  <span>
    l
  </span>
  <span>
    b
  </span>
  <span>
    o
  </span>
  <span>
     
  </span>
  <span>
    B
  </span>
  <span>
    a
  </span>
  <span>
    g
  </span>
  <span>
    g
  </span>
  <span>
    i
  </span>
  <span>
    n
  </span>
  <span>
    s
  </span>
  <span>
     
  </span>
  <span>
    o
  </span>
  <span>
    f
  </span>
  <span>
     
  </span>
  <span>
    B
  </span>
  <span>
    a
  </span>
  <span>
    g
  </span>
  <span>
     
  </span>
  <span>
    E
  </span>
  <span>
    n
  </span>
  <span>
    d
  </span>
  <span>
     
  </span>
  <span>
    a
  </span>
  <span>
    n
  </span>
  <span>
    n
  </span>
  <span>
    o
  </span>
  <span>
    u
  </span>
  <span>
    n
  </span>
  <span>
    c
  </span>
  <span>
    e
  </span>
  <span>
    d
  </span>
  <span>
     
  </span>
  <span>
    t
  </span>
  <span>
    h
  </span>
  <span>
    a
  </span>
  <span>
    t
  </span>
  <span>
     
  </span>
  <span>
    h
  </span>
  <span>
    e
  </span>
  <span>
     
  </span>
  <span>
    w
  </span>
  <span>
    o
  </span>
  <span>
    u
  </span>
  <span>
    l
  </span>
  <span>
    d
  </span>
  <span>
     
  </span>
  <span>
    s
  </span>
  <span>
    h
  </span>
  <span>
    o
  </span>
  <span>
    r
  </span>
  <span>
    t
  </span>
  <span>
    l
  </span>
  <span>
    y
  </span>
  <span>
     
  </span>
  <span>
    b
  </span>
  <span>
    e
  </span>
  <span>
     
  </span>
  <span>
    c
  </span>
  <span>
    e
  </span>
  <span>
    l
  </span>
  <span>
    e
  </span>
  <span>
    b
  </span>
  <span>
    r
  </span>
  <span>
    a
  </span>
  <span>
    t
  </span>
  <span>
    i
  </span>
  <span>
    n
  </span>
  <span>
    g
  </span>
  <span>
     
  </span>
  <span>
    h
  </span>
  <span>
    i
  </span>
  <span>
    s
  </span>
  <span>
     
  </span>
  <span>
    e
  </span>
  <span>
    l
  </span>
  <span>
    e
  </span>
  <span>
    v
  </span>
  <span>
    e
  </span>
  <span>
    n
  </span>
  <span>
    t
  </span>
  <span>
    y
  </span>
  <span>
    -
  </span>
  <span>
    f
  </span>
  <span>
    i
  </span>
  <span>
    r
  </span>
  <span>
    s
  </span>
  <span>
    t
  </span>
  <span>
     
  </span>
  <span>
    b
  </span>
  <span>
    i
  </span>
  <span>
    r
  </span>
  <span>
    t
  </span>
  <span>
    h
  </span>
  <span>
    d
  </span>
  <span>
    a
  </span>
  <span>
    y
  </span>
  <span>
     
  </span>
  <span>
    w
  </span>
  <span>
    i
  </span>
  <span>
    t
  </span>
  <span>
    h
  </span>
  <span>
     
  </span>
  <span>
    a
  </span>
  <span>
     
  </span>
  <span>
    p
  </span>
  <span>
    a
  </span>
  <span>
    r
  </span>
  <span>
    t
  </span>
  <span>
    y
  </span>
  <span>
     
  </span>
  <span>
    o
  </span>
  <span>
    f
  </span>
  <span>
     
  </span>
  <span>
    s
  </span>
  <span>
    p
  </span>
  <span>
    e
  </span>
  <span>
    c
  </span>
  <span>
    i
  </span>
  <span>
    a
  </span>
  <span>
    l
  </span>
  <span>
     
  </span>
  <span>
    m
  </span>
  <span>
    a
  </span>
  <span>
    g
  </span>
  <span>
    n
  </span>
  <span>
    i
  </span>
  <span>
    f
  </span>
  <span>
    i
  </span>
  <span>
    c
  </span>
  <span>
    e
  </span>
  <span>
    n
  </span>
  <span>
    c
  </span>
  <span>
    e
  </span>
  <span>
    ,
  </span>
  <span>
     
  </span>
  <span>
    t
  </span>
  <span>
    h
  </span>
  <span>
    e
  </span>
  <span>
    r
  </span>
  <span>
    e
  </span>
  <span>
     
  </span>
  <span>
    w
  </span>
  <span>
    a
  </span>
  <span>
    s
  </span>
  <span>
     
  </span>
  <span>
    m
  </span>
  <span>
    u
  </span>
  <span>
    c
  </span>
  <span>
    h
  </span>
  <span>
     
  </span>
  <span>
    t
  </span>
  <span>
    a
  </span>
  <span>
    l
  </span>
  <span>
    k
  </span>
  <span>
     
  </span>
  <span>
    a
  </span>
  <span>
    n
  </span>
  <span>
    d
  </span>
  <span>
     
  </span>
  <span>
    e
  </span>
  <span>
    x
  </span>
  <span>
    c
  </span>
  <span>
    i
  </span>
  <span>
    t
  </span>
  <span>
    e
  </span>
  <span>
    m
  </span>
  <span>
    e
  </span>
  <span>
    n
  </span>
  <span>
    t
  </span>
  <span>
     
  </span>
  <span>
    i
  </span>
  <span>
    n
  </span>
  <span>
     
  </span>
  <span>
    H
  </span>
  <span>
    o
  </span>
  <span>
    b
  </span>
  <span>
    b
  </span>
  <span>
    i
  </span>
  <span>
    t
  </span>
  <span>
    o
  </span>
  <span>
    n
  </span>
  <span>
    .
  </span>
</div>
`;
